------------------------------------------------------------
TimeQuest Timing Analyzer Summary
------------------------------------------------------------

Type  : Slow 1200mV 85C Model Setup 'clk'
Slack : -4.782
TNS   : -261.781

Type  : Slow 1200mV 85C Model Setup 'divfreq_mv:F1|clk_mv'
Slack : -4.316
TNS   : -431.320

Type  : Slow 1200mV 85C Model Setup 'divfreq:F0|clk_div'
Slack : -2.527
TNS   : -22.629

Type  : Slow 1200mV 85C Model Hold 'clk'
Slack : 0.048
TNS   : 0.000

Type  : Slow 1200mV 85C Model Hold 'divfreq_mv:F1|clk_mv'
Slack : 0.432
TNS   : 0.000

Type  : Slow 1200mV 85C Model Hold 'divfreq:F0|clk_div'
Slack : 0.452
TNS   : 0.000

Type  : Slow 1200mV 85C Model Minimum Pulse Width 'clk'
Slack : -3.000
TNS   : -96.681

Type  : Slow 1200mV 85C Model Minimum Pulse Width 'divfreq_mv:F1|clk_mv'
Slack : -1.487
TNS   : -194.797

Type  : Slow 1200mV 85C Model Minimum Pulse Width 'divfreq:F0|clk_div'
Slack : -1.487
TNS   : -20.818

Type  : Slow 1200mV 0C Model Setup 'clk'
Slack : -4.524
TNS   : -244.724

Type  : Slow 1200mV 0C Model Setup 'divfreq_mv:F1|clk_mv'
Slack : -4.004
TNS   : -389.459

Type  : Slow 1200mV 0C Model Setup 'divfreq:F0|clk_div'
Slack : -2.324
TNS   : -20.522

Type  : Slow 1200mV 0C Model Hold 'clk'
Slack : 0.054
TNS   : 0.000

Type  : Slow 1200mV 0C Model Hold 'divfreq_mv:F1|clk_mv'
Slack : 0.381
TNS   : 0.000

Type  : Slow 1200mV 0C Model Hold 'divfreq:F0|clk_div'
Slack : 0.401
TNS   : 0.000

Type  : Slow 1200mV 0C Model Minimum Pulse Width 'clk'
Slack : -3.000
TNS   : -96.681

Type  : Slow 1200mV 0C Model Minimum Pulse Width 'divfreq_mv:F1|clk_mv'
Slack : -1.487
TNS   : -194.797

Type  : Slow 1200mV 0C Model Minimum Pulse Width 'divfreq:F0|clk_div'
Slack : -1.487
TNS   : -20.818

Type  : Fast 1200mV 0C Model Setup 'clk'
Slack : -1.484
TNS   : -74.267

Type  : Fast 1200mV 0C Model Setup 'divfreq_mv:F1|clk_mv'
Slack : -1.296
TNS   : -114.822

Type  : Fast 1200mV 0C Model Setup 'divfreq:F0|clk_div'
Slack : -0.540
TNS   : -3.692

Type  : Fast 1200mV 0C Model Hold 'clk'
Slack : -0.140
TNS   : -0.241

Type  : Fast 1200mV 0C Model Hold 'divfreq_mv:F1|clk_mv'
Slack : 0.178
TNS   : 0.000

Type  : Fast 1200mV 0C Model Hold 'divfreq:F0|clk_div'
Slack : 0.186
TNS   : 0.000

Type  : Fast 1200mV 0C Model Minimum Pulse Width 'clk'
Slack : -3.000
TNS   : -70.670

Type  : Fast 1200mV 0C Model Minimum Pulse Width 'divfreq_mv:F1|clk_mv'
Slack : -1.000
TNS   : -131.000

Type  : Fast 1200mV 0C Model Minimum Pulse Width 'divfreq:F0|clk_div'
Slack : -1.000
TNS   : -14.000

------------------------------------------------------------
