------------------------------------------------------------
TimeQuest Timing Analyzer Summary
------------------------------------------------------------

Type  : Slow 1200mV 85C Model Setup 'divfreq_mv:F1|clk_mv'
Slack : -13.456
TNS   : -3752.944

Type  : Slow 1200mV 85C Model Setup 'clk'
Slack : -5.643
TNS   : -284.498

Type  : Slow 1200mV 85C Model Setup 'divfreq:F0|clk_div'
Slack : -2.938
TNS   : -48.223

Type  : Slow 1200mV 85C Model Hold 'clk'
Slack : -0.162
TNS   : -0.212

Type  : Slow 1200mV 85C Model Hold 'divfreq_mv:F1|clk_mv'
Slack : 0.434
TNS   : 0.000

Type  : Slow 1200mV 85C Model Hold 'divfreq:F0|clk_div'
Slack : 0.454
TNS   : 0.000

Type  : Slow 1200mV 85C Model Minimum Pulse Width 'divfreq_mv:F1|clk_mv'
Slack : -4.000
TNS   : -748.436

Type  : Slow 1200mV 85C Model Minimum Pulse Width 'clk'
Slack : -3.000
TNS   : -96.681

Type  : Slow 1200mV 85C Model Minimum Pulse Width 'divfreq:F0|clk_div'
Slack : -1.487
TNS   : -32.714

Type  : Slow 1200mV 0C Model Setup 'divfreq_mv:F1|clk_mv'
Slack : -12.393
TNS   : -3454.658

Type  : Slow 1200mV 0C Model Setup 'clk'
Slack : -5.345
TNS   : -266.940

Type  : Slow 1200mV 0C Model Setup 'divfreq:F0|clk_div'
Slack : -2.733
TNS   : -44.497

Type  : Slow 1200mV 0C Model Hold 'clk'
Slack : -0.150
TNS   : -0.150

Type  : Slow 1200mV 0C Model Hold 'divfreq_mv:F1|clk_mv'
Slack : 0.383
TNS   : 0.000

Type  : Slow 1200mV 0C Model Hold 'divfreq:F0|clk_div'
Slack : 0.402
TNS   : 0.000

Type  : Slow 1200mV 0C Model Minimum Pulse Width 'divfreq_mv:F1|clk_mv'
Slack : -4.000
TNS   : -748.436

Type  : Slow 1200mV 0C Model Minimum Pulse Width 'clk'
Slack : -3.000
TNS   : -96.681

Type  : Slow 1200mV 0C Model Minimum Pulse Width 'divfreq:F0|clk_div'
Slack : -1.487
TNS   : -32.714

Type  : Fast 1200mV 0C Model Setup 'divfreq_mv:F1|clk_mv'
Slack : -5.246
TNS   : -1370.074

Type  : Fast 1200mV 0C Model Setup 'clk'
Slack : -1.825
TNS   : -85.248

Type  : Fast 1200mV 0C Model Setup 'divfreq:F0|clk_div'
Slack : -0.736
TNS   : -9.403

Type  : Fast 1200mV 0C Model Hold 'clk'
Slack : -0.227
TNS   : -0.421

Type  : Fast 1200mV 0C Model Hold 'divfreq_mv:F1|clk_mv'
Slack : 0.179
TNS   : 0.000

Type  : Fast 1200mV 0C Model Hold 'divfreq:F0|clk_div'
Slack : 0.187
TNS   : 0.000

Type  : Fast 1200mV 0C Model Minimum Pulse Width 'clk'
Slack : -3.000
TNS   : -70.730

Type  : Fast 1200mV 0C Model Minimum Pulse Width 'divfreq_mv:F1|clk_mv'
Slack : -1.000
TNS   : -456.000

Type  : Fast 1200mV 0C Model Minimum Pulse Width 'divfreq:F0|clk_div'
Slack : -1.000
TNS   : -22.000

------------------------------------------------------------
